<?php

class ParameterPath {
	public $className;
	public $methodName;
	public $paramName;

	function __construct($className, $methodName, $paramName) {
		$this->className = $className;
		$this->methodName = $methodName;
		$this->paramName = $paramName;
	}

	function __toString() {
		return $this->className.'.'.$this->methodName.'.'.$this->paramName;
	}
}

$parsedLib = [];

$key = new ParameterPath('SampleClass', 'sampleMethod', 'paramA');
$parsedLib[(string)$key] = array();

array_push($parsedLib[(string)$key], 'typeA');


$key = new ParameterPath('SampleClass', 'sampleMethod', 'paramB');
$parsedLib[(string)$key] = array();

array_push($parsedLib[(string)$key], 'typeB');

array_push($parsedLib[(string)$key], 'typeC');

