
// BEFORE RUNNING:
// ---------------
// 1. If not already done, enable the Google Cloud Datastore API
//    and check the quota for your project at
//    https://console.developers.google.com/apis/api/datastore
// 2. This sample uses Application Default Credentials for authentication.
//    If not already done, install the gcloud CLI from
//    https://cloud.google.com/sdk and run
//    `gcloud beta auth application-default login`.
//    For more information, see
//    https://developers.google.com/identity/protocols/application-default-credentials
// 3. Install the Node.js client library by running
//    `npm install googleapis --save`

const {google} = require('googleapis');
const datastore = google.datastore('v1');

async function main () {
  const authClient = await authorize();
  const request = {
    // The ID of the project against which to make the request.
    projectId: 'my-project-id',  // TODO: Update placeholder value.

    resource: {
      // TODO: Add desired properties to the request body.
    },

    auth: authClient,
  };

  try {
    const response = (await datastore.projects.allocateIds(request)).data;
    // TODO: Change code below to process the `response` object:
    console.log(JSON.stringify(response, null, 2));
  } catch (err) {
    console.error(err);
  }
}
main();

async function authorize() {
  const auth = new google.auth.GoogleAuth({
    scopes: ['https://www.googleapis.com/auth/cloud-platform']
  });
  return await auth.getClient();
}
// BEFORE RUNNING:
// ---------------
// 1. If not already done, enable the Google Cloud Datastore API
//    and check the quota for your project at
//    https://console.developers.google.com/apis/api/datastore
// 2. This sample uses Application Default Credentials for authentication.
//    If not already done, install the gcloud CLI from
//    https://cloud.google.com/sdk and run
//    `gcloud beta auth application-default login`.
//    For more information, see
//    https://developers.google.com/identity/protocols/application-default-credentials
// 3. Install the Node.js client library by running
//    `npm install googleapis --save`

const {google} = require('googleapis');
const datastore = google.datastore('v1');

async function main () {
  const authClient = await authorize();
  const request = {
    // The ID of the project against which to make the request.
    projectId: 'my-project-id',  // TODO: Update placeholder value.

    resource: {
      // TODO: Add desired properties to the request body.
    },

    auth: authClient,
  };

  try {
    const response = (await datastore.projects.beginTransaction(request)).data;
    // TODO: Change code below to process the `response` object:
    console.log(JSON.stringify(response, null, 2));
  } catch (err) {
    console.error(err);
  }
}
main();

async function authorize() {
  const auth = new google.auth.GoogleAuth({
    scopes: ['https://www.googleapis.com/auth/cloud-platform']
  });
  return await auth.getClient();
}
// BEFORE RUNNING:
// ---------------
// 1. If not already done, enable the Google Cloud Datastore API
//    and check the quota for your project at
//    https://console.developers.google.com/apis/api/datastore
// 2. This sample uses Application Default Credentials for authentication.
//    If not already done, install the gcloud CLI from
//    https://cloud.google.com/sdk and run
//    `gcloud beta auth application-default login`.
//    For more information, see
//    https://developers.google.com/identity/protocols/application-default-credentials
// 3. Install the Node.js client library by running
//    `npm install googleapis --save`

const {google} = require('googleapis');
const datastore = google.datastore('v1');

async function main () {
  const authClient = await authorize();
  const request = {
    // The ID of the project against which to make the request.
    projectId: 'my-project-id',  // TODO: Update placeholder value.

    resource: {
      // TODO: Add desired properties to the request body.
    },

    auth: authClient,
  };

  try {
    const response = (await datastore.projects.commit(request)).data;
    // TODO: Change code below to process the `response` object:
    console.log(JSON.stringify(response, null, 2));
  } catch (err) {
    console.error(err);
  }
}
main();

async function authorize() {
  const auth = new google.auth.GoogleAuth({
    scopes: ['https://www.googleapis.com/auth/cloud-platform']
  });
  return await auth.getClient();
}
// BEFORE RUNNING:
// ---------------
// 1. If not already done, enable the Google Cloud Datastore API
//    and check the quota for your project at
//    https://console.developers.google.com/apis/api/datastore
// 2. This sample uses Application Default Credentials for authentication.
//    If not already done, install the gcloud CLI from
//    https://cloud.google.com/sdk and run
//    `gcloud beta auth application-default login`.
//    For more information, see
//    https://developers.google.com/identity/protocols/application-default-credentials
// 3. Install the Node.js client library by running
//    `npm install googleapis --save`

const {google} = require('googleapis');
const datastore = google.datastore('v1');

async function main () {
  const authClient = await authorize();
  const request = {
    // The ID of the project against which to make the request.
    projectId: 'my-project-id',  // TODO: Update placeholder value.

    resource: {
      // TODO: Add desired properties to the request body.
    },

    auth: authClient,
  };

  try {
    const response = (await datastore.projects.lookup(request)).data;
    // TODO: Change code below to process the `response` object:
    console.log(JSON.stringify(response, null, 2));
  } catch (err) {
    console.error(err);
  }
}
main();

async function authorize() {
  const auth = new google.auth.GoogleAuth({
    scopes: ['https://www.googleapis.com/auth/cloud-platform']
  });
  return await auth.getClient();
}
// BEFORE RUNNING:
// ---------------
// 1. If not already done, enable the Google Cloud Datastore API
//    and check the quota for your project at
//    https://console.developers.google.com/apis/api/datastore
// 2. This sample uses Application Default Credentials for authentication.
//    If not already done, install the gcloud CLI from
//    https://cloud.google.com/sdk and run
//    `gcloud beta auth application-default login`.
//    For more information, see
//    https://developers.google.com/identity/protocols/application-default-credentials
// 3. Install the Node.js client library by running
//    `npm install googleapis --save`

const {google} = require('googleapis');
const datastore = google.datastore('v1');

async function main () {
  const authClient = await authorize();
  const request = {
    // The ID of the project against which to make the request.
    projectId: 'my-project-id',  // TODO: Update placeholder value.

    resource: {
      // TODO: Add desired properties to the request body.
    },

    auth: authClient,
  };

  try {
    const response = (await datastore.projects.rollback(request)).data;
    // TODO: Change code below to process the `response` object:
    console.log(JSON.stringify(response, null, 2));
  } catch (err) {
    console.error(err);
  }
}
main();

async function authorize() {
  const auth = new google.auth.GoogleAuth({
    scopes: ['https://www.googleapis.com/auth/cloud-platform']
  });
  return await auth.getClient();
}
// BEFORE RUNNING:
// ---------------
// 1. If not already done, enable the Google Cloud Datastore API
//    and check the quota for your project at
//    https://console.developers.google.com/apis/api/datastore
// 2. This sample uses Application Default Credentials for authentication.
//    If not already done, install the gcloud CLI from
//    https://cloud.google.com/sdk and run
//    `gcloud beta auth application-default login`.
//    For more information, see
//    https://developers.google.com/identity/protocols/application-default-credentials
// 3. Install the Node.js client library by running
//    `npm install googleapis --save`

const {google} = require('googleapis');
const datastore = google.datastore('v1');

async function main () {
  const authClient = await authorize();
  const request = {
    // The ID of the project against which to make the request.
    projectId: 'my-project-id',  // TODO: Update placeholder value.

    resource: {
      // TODO: Add desired properties to the request body.
    },

    auth: authClient,
  };

  try {
    const response = (await datastore.projects.runQuery(request)).data;
    // TODO: Change code below to process the `response` object:
    console.log(JSON.stringify(response, null, 2));
  } catch (err) {
    console.error(err);
  }
}
main();

async function authorize() {
  const auth = new google.auth.GoogleAuth({
    scopes: ['https://www.googleapis.com/auth/cloud-platform']
  });
  return await auth.getClient();
}
