
// BEFORE RUNNING:
// ---------------
// 1. If not already done, enable the Translate API
//    and check the quota for your project at
//    https://console.developers.google.com/apis/api/translate
// 2. Install the Node.js client library by running
//    `npm install googleapis --save`

const {google} = require('googleapis');
const translate = google.translate('v2');

const apiKey = '';  // TODO: Update placeholder with desired API key.

async function main () {
  const request = {
    // The text to detect
    q: '',  // TODO: Update placeholder value.

    auth: apiKey,
  };

  try {
    const response = (await translate.detections.list(request)).data;
    // TODO: Change code below to process the `response` object:
    console.log(JSON.stringify(response, null, 2));
  } catch (err) {
    console.error(err);
  }
}
main();
// BEFORE RUNNING:
// ---------------
// 1. If not already done, enable the Translate API
//    and check the quota for your project at
//    https://console.developers.google.com/apis/api/translate
// 2. Install the Node.js client library by running
//    `npm install googleapis --save`

const {google} = require('googleapis');
const translate = google.translate('v2');

const apiKey = '';  // TODO: Update placeholder with desired API key.

async function main () {
  const request = {
    auth: apiKey,
  };

  try {
    const response = (await translate.languages.list(request)).data;
    // TODO: Change code below to process the `response` object:
    console.log(JSON.stringify(response, null, 2));
  } catch (err) {
    console.error(err);
  }
}
main();
// BEFORE RUNNING:
// ---------------
// 1. If not already done, enable the Translate API
//    and check the quota for your project at
//    https://console.developers.google.com/apis/api/translate
// 2. Install the Node.js client library by running
//    `npm install googleapis --save`

const {google} = require('googleapis');
const translate = google.translate('v2');

const apiKey = '';  // TODO: Update placeholder with desired API key.

async function main () {
  const request = {
    // The text to translate
    q: '',  // TODO: Update placeholder value.

    // The target language into which the text should be translated
    target: '',  // TODO: Update placeholder value.

    auth: apiKey,
  };

  try {
    const response = (await translate.translations.list(request)).data;
    // TODO: Change code below to process the `response` object:
    console.log(JSON.stringify(response, null, 2));
  } catch (err) {
    console.error(err);
  }
}
main();
