
// BEFORE RUNNING:
// ---------------
// 1. If not already done, enable the Cloud Storage JSON API
//    and check the quota for your project at
//    https://console.developers.google.com/apis/api/storage
// 2. This sample uses Application Default Credentials for authentication.
//    If not already done, install the gcloud CLI from
//    https://cloud.google.com/sdk and run
//    `gcloud beta auth application-default login`.
//    For more information, see
//    https://developers.google.com/identity/protocols/application-default-credentials
// 3. Install the Node.js client library by running
//    `npm install googleapis --save`

const {google} = require('googleapis');
const storage = google.storage('v1');

async function main () {
  const authClient = await authorize();
  const request = {
    // Name of a bucket.
    bucket: 'my-bucket',  // TODO: Update placeholder value.

    // The entity holding the permission. Can be user-userId, user-emailAddress, group-groupId,
    // group-emailAddress, allUsers, or allAuthenticatedUsers.
    entity: 'my-entity',  // TODO: Update placeholder value.

    auth: authClient,
  };

  try {
    await storage.bucketAccessControls.delete(request);
  } catch (err) {
    console.error(err);
  }
}
main();

async function authorize() {
  const auth = new google.auth.GoogleAuth({
    scopes: ['https://www.googleapis.com/auth/cloud-platform']
  });
  return await auth.getClient();
}
// BEFORE RUNNING:
// ---------------
// 1. If not already done, enable the Cloud Storage JSON API
//    and check the quota for your project at
//    https://console.developers.google.com/apis/api/storage
// 2. This sample uses Application Default Credentials for authentication.
//    If not already done, install the gcloud CLI from
//    https://cloud.google.com/sdk and run
//    `gcloud beta auth application-default login`.
//    For more information, see
//    https://developers.google.com/identity/protocols/application-default-credentials
// 3. Install the Node.js client library by running
//    `npm install googleapis --save`

const {google} = require('googleapis');
const storage = google.storage('v1');

async function main () {
  const authClient = await authorize();
  const request = {
    // Name of a bucket.
    bucket: 'my-bucket',  // TODO: Update placeholder value.

    // The entity holding the permission. Can be user-userId, user-emailAddress, group-groupId,
    // group-emailAddress, allUsers, or allAuthenticatedUsers.
    entity: 'my-entity',  // TODO: Update placeholder value.

    auth: authClient,
  };

  try {
    const response = (await storage.bucketAccessControls.get(request)).data;
    // TODO: Change code below to process the `response` object:
    console.log(JSON.stringify(response, null, 2));
  } catch (err) {
    console.error(err);
  }
}
main();

async function authorize() {
  const auth = new google.auth.GoogleAuth({
    scopes: ['https://www.googleapis.com/auth/cloud-platform']
  });
  return await auth.getClient();
}
// BEFORE RUNNING:
// ---------------
// 1. If not already done, enable the Cloud Storage JSON API
//    and check the quota for your project at
//    https://console.developers.google.com/apis/api/storage
// 2. This sample uses Application Default Credentials for authentication.
//    If not already done, install the gcloud CLI from
//    https://cloud.google.com/sdk and run
//    `gcloud beta auth application-default login`.
//    For more information, see
//    https://developers.google.com/identity/protocols/application-default-credentials
// 3. Install the Node.js client library by running
//    `npm install googleapis --save`

const {google} = require('googleapis');
const storage = google.storage('v1');

async function main () {
  const authClient = await authorize();
  const request = {
    // Name of a bucket.
    bucket: 'my-bucket',  // TODO: Update placeholder value.

    resource: {
      // TODO: Add desired properties to the request body.
    },

    auth: authClient,
  };

  try {
    const response = (await storage.bucketAccessControls.insert(request)).data;
    // TODO: Change code below to process the `response` object:
    console.log(JSON.stringify(response, null, 2));
  } catch (err) {
    console.error(err);
  }
}
main();

async function authorize() {
  const auth = new google.auth.GoogleAuth({
    scopes: ['https://www.googleapis.com/auth/cloud-platform']
  });
  return await auth.getClient();
}
// BEFORE RUNNING:
// ---------------
// 1. If not already done, enable the Cloud Storage JSON API
//    and check the quota for your project at
//    https://console.developers.google.com/apis/api/storage
// 2. This sample uses Application Default Credentials for authentication.
//    If not already done, install the gcloud CLI from
//    https://cloud.google.com/sdk and run
//    `gcloud beta auth application-default login`.
//    For more information, see
//    https://developers.google.com/identity/protocols/application-default-credentials
// 3. Install the Node.js client library by running
//    `npm install googleapis --save`

const {google} = require('googleapis');
const storage = google.storage('v1');

async function main () {
  const authClient = await authorize();
  const request = {
    // Name of a bucket.
    bucket: 'my-bucket',  // TODO: Update placeholder value.

    auth: authClient,
  };

  try {
    const response = (await storage.bucketAccessControls.list(request)).data;
    // TODO: Change code below to process the `response` object:
    console.log(JSON.stringify(response, null, 2));
  } catch (err) {
    console.error(err);
  }
}
main();

async function authorize() {
  const auth = new google.auth.GoogleAuth({
    scopes: ['https://www.googleapis.com/auth/cloud-platform']
  });
  return await auth.getClient();
}
// BEFORE RUNNING:
// ---------------
// 1. If not already done, enable the Cloud Storage JSON API
//    and check the quota for your project at
//    https://console.developers.google.com/apis/api/storage
// 2. This sample uses Application Default Credentials for authentication.
//    If not already done, install the gcloud CLI from
//    https://cloud.google.com/sdk and run
//    `gcloud beta auth application-default login`.
//    For more information, see
//    https://developers.google.com/identity/protocols/application-default-credentials
// 3. Install the Node.js client library by running
//    `npm install googleapis --save`

const {google} = require('googleapis');
const storage = google.storage('v1');

async function main () {
  const authClient = await authorize();
  const request = {
    // Name of a bucket.
    bucket: 'my-bucket',  // TODO: Update placeholder value.

    // The entity holding the permission. Can be user-userId, user-emailAddress, group-groupId,
    // group-emailAddress, allUsers, or allAuthenticatedUsers.
    entity: 'my-entity',  // TODO: Update placeholder value.

    resource: {
      // TODO: Add desired properties to the request body. Only these properties
      // will be changed.
    },

    auth: authClient,
  };

  try {
    const response = (await storage.bucketAccessControls.patch(request)).data;
    // TODO: Change code below to process the `response` object:
    console.log(JSON.stringify(response, null, 2));
  } catch (err) {
    console.error(err);
  }
}
main();

async function authorize() {
  const auth = new google.auth.GoogleAuth({
    scopes: ['https://www.googleapis.com/auth/cloud-platform']
  });
  return await auth.getClient();
}
// BEFORE RUNNING:
// ---------------
// 1. If not already done, enable the Cloud Storage JSON API
//    and check the quota for your project at
//    https://console.developers.google.com/apis/api/storage
// 2. This sample uses Application Default Credentials for authentication.
//    If not already done, install the gcloud CLI from
//    https://cloud.google.com/sdk and run
//    `gcloud beta auth application-default login`.
//    For more information, see
//    https://developers.google.com/identity/protocols/application-default-credentials
// 3. Install the Node.js client library by running
//    `npm install googleapis --save`

const {google} = require('googleapis');
const storage = google.storage('v1');

async function main () {
  const authClient = await authorize();
  const request = {
    // Name of a bucket.
    bucket: 'my-bucket',  // TODO: Update placeholder value.

    // The entity holding the permission. Can be user-userId, user-emailAddress, group-groupId,
    // group-emailAddress, allUsers, or allAuthenticatedUsers.
    entity: 'my-entity',  // TODO: Update placeholder value.

    resource: {
      // TODO: Add desired properties to the request body. All existing properties
      // will be replaced.
    },

    auth: authClient,
  };

  try {
    const response = (await storage.bucketAccessControls.update(request)).data;
    // TODO: Change code below to process the `response` object:
    console.log(JSON.stringify(response, null, 2));
  } catch (err) {
    console.error(err);
  }
}
main();

async function authorize() {
  const auth = new google.auth.GoogleAuth({
    scopes: ['https://www.googleapis.com/auth/cloud-platform']
  });
  return await auth.getClient();
}
// BEFORE RUNNING:
// ---------------
// 1. If not already done, enable the Cloud Storage JSON API
//    and check the quota for your project at
//    https://console.developers.google.com/apis/api/storage
// 2. This sample uses Application Default Credentials for authentication.
//    If not already done, install the gcloud CLI from
//    https://cloud.google.com/sdk and run
//    `gcloud beta auth application-default login`.
//    For more information, see
//    https://developers.google.com/identity/protocols/application-default-credentials
// 3. Install the Node.js client library by running
//    `npm install googleapis --save`

const {google} = require('googleapis');
const storage = google.storage('v1');

async function main () {
  const authClient = await authorize();
  const request = {
    // Name of a bucket.
    bucket: 'my-bucket',  // TODO: Update placeholder value.

    auth: authClient,
  };

  try {
    await storage.buckets.delete(request);
  } catch (err) {
    console.error(err);
  }
}
main();

async function authorize() {
  const auth = new google.auth.GoogleAuth({
    scopes: ['https://www.googleapis.com/auth/cloud-platform']
  });
  return await auth.getClient();
}
// BEFORE RUNNING:
// ---------------
// 1. If not already done, enable the Cloud Storage JSON API
//    and check the quota for your project at
//    https://console.developers.google.com/apis/api/storage
// 2. This sample uses Application Default Credentials for authentication.
//    If not already done, install the gcloud CLI from
//    https://cloud.google.com/sdk and run
//    `gcloud beta auth application-default login`.
//    For more information, see
//    https://developers.google.com/identity/protocols/application-default-credentials
// 3. Install the Node.js client library by running
//    `npm install googleapis --save`

const {google} = require('googleapis');
const storage = google.storage('v1');

async function main () {
  const authClient = await authorize();
  const request = {
    // Name of a bucket.
    bucket: 'my-bucket',  // TODO: Update placeholder value.

    auth: authClient,
  };

  try {
    const response = (await storage.buckets.get(request)).data;
    // TODO: Change code below to process the `response` object:
    console.log(JSON.stringify(response, null, 2));
  } catch (err) {
    console.error(err);
  }
}
main();

async function authorize() {
  const auth = new google.auth.GoogleAuth({
    scopes: ['https://www.googleapis.com/auth/cloud-platform']
  });
  return await auth.getClient();
}
// BEFORE RUNNING:
// ---------------
// 1. If not already done, enable the Cloud Storage JSON API
//    and check the quota for your project at
//    https://console.developers.google.com/apis/api/storage
// 2. This sample uses Application Default Credentials for authentication.
//    If not already done, install the gcloud CLI from
//    https://cloud.google.com/sdk and run
//    `gcloud beta auth application-default login`.
//    For more information, see
//    https://developers.google.com/identity/protocols/application-default-credentials
// 3. Install the Node.js client library by running
//    `npm install googleapis --save`

const {google} = require('googleapis');
const storage = google.storage('v1');

async function main () {
  const authClient = await authorize();
  const request = {
    // A valid API project identifier.
    project: '',  // TODO: Update placeholder value.

    resource: {
      // TODO: Add desired properties to the request body.
    },

    auth: authClient,
  };

  try {
    const response = (await storage.buckets.insert(request)).data;
    // TODO: Change code below to process the `response` object:
    console.log(JSON.stringify(response, null, 2));
  } catch (err) {
    console.error(err);
  }
}
main();

async function authorize() {
  const auth = new google.auth.GoogleAuth({
    scopes: ['https://www.googleapis.com/auth/cloud-platform']
  });
  return await auth.getClient();
}
// BEFORE RUNNING:
// ---------------
// 1. If not already done, enable the Cloud Storage JSON API
//    and check the quota for your project at
//    https://console.developers.google.com/apis/api/storage
// 2. This sample uses Application Default Credentials for authentication.
//    If not already done, install the gcloud CLI from
//    https://cloud.google.com/sdk and run
//    `gcloud beta auth application-default login`.
//    For more information, see
//    https://developers.google.com/identity/protocols/application-default-credentials
// 3. Install the Node.js client library by running
//    `npm install googleapis --save`

const {google} = require('googleapis');
const storage = google.storage('v1');

async function main () {
  const authClient = await authorize();
  const request = {
    // A valid API project identifier.
    project: '',  // TODO: Update placeholder value.

    auth: authClient,
  };

  let response;
  do {
    if (response && response.nextPageToken) {
      request.pageToken = response.nextPageToken;
    }
    response = (await storage.buckets.list(request)).data;
    const itemsPage = response.items;
    if (itemsPage) {
      for (let i = 0; i < itemsPage.length; i++) {
        // TODO: Change code below to process each resource in `itemsPage`:
        console.log(JSON.stringify(itemsPage[i], null, 2));
      }
    }
  } while (response.nextPageToken);
}
main();

async function authorize() {
  const auth = new google.auth.GoogleAuth({
    scopes: ['https://www.googleapis.com/auth/cloud-platform']
  });
  return await auth.getClient();
}
// BEFORE RUNNING:
// ---------------
// 1. If not already done, enable the Cloud Storage JSON API
//    and check the quota for your project at
//    https://console.developers.google.com/apis/api/storage
// 2. This sample uses Application Default Credentials for authentication.
//    If not already done, install the gcloud CLI from
//    https://cloud.google.com/sdk and run
//    `gcloud beta auth application-default login`.
//    For more information, see
//    https://developers.google.com/identity/protocols/application-default-credentials
// 3. Install the Node.js client library by running
//    `npm install googleapis --save`

const {google} = require('googleapis');
const storage = google.storage('v1');

async function main () {
  const authClient = await authorize();
  const request = {
    // Name of a bucket.
    bucket: 'my-bucket',  // TODO: Update placeholder value.

    resource: {
      // TODO: Add desired properties to the request body. Only these properties
      // will be changed.
    },

    auth: authClient,
  };

  try {
    const response = (await storage.buckets.patch(request)).data;
    // TODO: Change code below to process the `response` object:
    console.log(JSON.stringify(response, null, 2));
  } catch (err) {
    console.error(err);
  }
}
main();

async function authorize() {
  const auth = new google.auth.GoogleAuth({
    scopes: ['https://www.googleapis.com/auth/cloud-platform']
  });
  return await auth.getClient();
}
// BEFORE RUNNING:
// ---------------
// 1. If not already done, enable the Cloud Storage JSON API
//    and check the quota for your project at
//    https://console.developers.google.com/apis/api/storage
// 2. This sample uses Application Default Credentials for authentication.
//    If not already done, install the gcloud CLI from
//    https://cloud.google.com/sdk and run
//    `gcloud beta auth application-default login`.
//    For more information, see
//    https://developers.google.com/identity/protocols/application-default-credentials
// 3. Install the Node.js client library by running
//    `npm install googleapis --save`

const {google} = require('googleapis');
const storage = google.storage('v1');

async function main () {
  const authClient = await authorize();
  const request = {
    // Name of a bucket.
    bucket: 'my-bucket',  // TODO: Update placeholder value.

    resource: {
      // TODO: Add desired properties to the request body. All existing properties
      // will be replaced.
    },

    auth: authClient,
  };

  try {
    const response = (await storage.buckets.update(request)).data;
    // TODO: Change code below to process the `response` object:
    console.log(JSON.stringify(response, null, 2));
  } catch (err) {
    console.error(err);
  }
}
main();

async function authorize() {
  const auth = new google.auth.GoogleAuth({
    scopes: ['https://www.googleapis.com/auth/cloud-platform']
  });
  return await auth.getClient();
}
// BEFORE RUNNING:
// ---------------
// 1. If not already done, enable the Cloud Storage JSON API
//    and check the quota for your project at
//    https://console.developers.google.com/apis/api/storage
// 2. This sample uses Application Default Credentials for authentication.
//    If not already done, install the gcloud CLI from
//    https://cloud.google.com/sdk and run
//    `gcloud beta auth application-default login`.
//    For more information, see
//    https://developers.google.com/identity/protocols/application-default-credentials
// 3. Install the Node.js client library by running
//    `npm install googleapis --save`

const {google} = require('googleapis');
const storage = google.storage('v1');

async function main () {
  const authClient = await authorize();
  const request = {
    resource: {
      // TODO: Add desired properties to the request body.
    },

    auth: authClient,
  };

  try {
    await storage.channels.stop(request);
  } catch (err) {
    console.error(err);
  }
}
main();

async function authorize() {
  const auth = new google.auth.GoogleAuth({
    scopes: ['https://www.googleapis.com/auth/cloud-platform']
  });
  return await auth.getClient();
}
// BEFORE RUNNING:
// ---------------
// 1. If not already done, enable the Cloud Storage JSON API
//    and check the quota for your project at
//    https://console.developers.google.com/apis/api/storage
// 2. This sample uses Application Default Credentials for authentication.
//    If not already done, install the gcloud CLI from
//    https://cloud.google.com/sdk and run
//    `gcloud beta auth application-default login`.
//    For more information, see
//    https://developers.google.com/identity/protocols/application-default-credentials
// 3. Install the Node.js client library by running
//    `npm install googleapis --save`

const {google} = require('googleapis');
const storage = google.storage('v1');

async function main () {
  const authClient = await authorize();
  const request = {
    // Name of a bucket.
    bucket: 'my-bucket',  // TODO: Update placeholder value.

    // The entity holding the permission. Can be user-userId, user-emailAddress, group-groupId,
    // group-emailAddress, allUsers, or allAuthenticatedUsers.
    entity: 'my-entity',  // TODO: Update placeholder value.

    auth: authClient,
  };

  try {
    await storage.defaultObjectAccessControls.delete(request);
  } catch (err) {
    console.error(err);
  }
}
main();

async function authorize() {
  const auth = new google.auth.GoogleAuth({
    scopes: ['https://www.googleapis.com/auth/cloud-platform']
  });
  return await auth.getClient();
}
// BEFORE RUNNING:
// ---------------
// 1. If not already done, enable the Cloud Storage JSON API
//    and check the quota for your project at
//    https://console.developers.google.com/apis/api/storage
// 2. This sample uses Application Default Credentials for authentication.
//    If not already done, install the gcloud CLI from
//    https://cloud.google.com/sdk and run
//    `gcloud beta auth application-default login`.
//    For more information, see
//    https://developers.google.com/identity/protocols/application-default-credentials
// 3. Install the Node.js client library by running
//    `npm install googleapis --save`

const {google} = require('googleapis');
const storage = google.storage('v1');

async function main () {
  const authClient = await authorize();
  const request = {
    // Name of a bucket.
    bucket: 'my-bucket',  // TODO: Update placeholder value.

    // The entity holding the permission. Can be user-userId, user-emailAddress, group-groupId,
    // group-emailAddress, allUsers, or allAuthenticatedUsers.
    entity: 'my-entity',  // TODO: Update placeholder value.

    auth: authClient,
  };

  try {
    const response = (await storage.defaultObjectAccessControls.get(request)).data;
    // TODO: Change code below to process the `response` object:
    console.log(JSON.stringify(response, null, 2));
  } catch (err) {
    console.error(err);
  }
}
main();

async function authorize() {
  const auth = new google.auth.GoogleAuth({
    scopes: ['https://www.googleapis.com/auth/cloud-platform']
  });
  return await auth.getClient();
}
// BEFORE RUNNING:
// ---------------
// 1. If not already done, enable the Cloud Storage JSON API
//    and check the quota for your project at
//    https://console.developers.google.com/apis/api/storage
// 2. This sample uses Application Default Credentials for authentication.
//    If not already done, install the gcloud CLI from
//    https://cloud.google.com/sdk and run
//    `gcloud beta auth application-default login`.
//    For more information, see
//    https://developers.google.com/identity/protocols/application-default-credentials
// 3. Install the Node.js client library by running
//    `npm install googleapis --save`

const {google} = require('googleapis');
const storage = google.storage('v1');

async function main () {
  const authClient = await authorize();
  const request = {
    // Name of a bucket.
    bucket: 'my-bucket',  // TODO: Update placeholder value.

    resource: {
      // TODO: Add desired properties to the request body.
    },

    auth: authClient,
  };

  try {
    const response = (await storage.defaultObjectAccessControls.insert(request)).data;
    // TODO: Change code below to process the `response` object:
    console.log(JSON.stringify(response, null, 2));
  } catch (err) {
    console.error(err);
  }
}
main();

async function authorize() {
  const auth = new google.auth.GoogleAuth({
    scopes: ['https://www.googleapis.com/auth/cloud-platform']
  });
  return await auth.getClient();
}
// BEFORE RUNNING:
// ---------------
// 1. If not already done, enable the Cloud Storage JSON API
//    and check the quota for your project at
//    https://console.developers.google.com/apis/api/storage
// 2. This sample uses Application Default Credentials for authentication.
//    If not already done, install the gcloud CLI from
//    https://cloud.google.com/sdk and run
//    `gcloud beta auth application-default login`.
//    For more information, see
//    https://developers.google.com/identity/protocols/application-default-credentials
// 3. Install the Node.js client library by running
//    `npm install googleapis --save`

const {google} = require('googleapis');
const storage = google.storage('v1');

async function main () {
  const authClient = await authorize();
  const request = {
    // Name of a bucket.
    bucket: 'my-bucket',  // TODO: Update placeholder value.

    auth: authClient,
  };

  try {
    const response = (await storage.defaultObjectAccessControls.list(request)).data;
    // TODO: Change code below to process the `response` object:
    console.log(JSON.stringify(response, null, 2));
  } catch (err) {
    console.error(err);
  }
}
main();

async function authorize() {
  const auth = new google.auth.GoogleAuth({
    scopes: ['https://www.googleapis.com/auth/cloud-platform']
  });
  return await auth.getClient();
}
// BEFORE RUNNING:
// ---------------
// 1. If not already done, enable the Cloud Storage JSON API
//    and check the quota for your project at
//    https://console.developers.google.com/apis/api/storage
// 2. This sample uses Application Default Credentials for authentication.
//    If not already done, install the gcloud CLI from
//    https://cloud.google.com/sdk and run
//    `gcloud beta auth application-default login`.
//    For more information, see
//    https://developers.google.com/identity/protocols/application-default-credentials
// 3. Install the Node.js client library by running
//    `npm install googleapis --save`

const {google} = require('googleapis');
const storage = google.storage('v1');

async function main () {
  const authClient = await authorize();
  const request = {
    // Name of a bucket.
    bucket: 'my-bucket',  // TODO: Update placeholder value.

    // The entity holding the permission. Can be user-userId, user-emailAddress, group-groupId,
    // group-emailAddress, allUsers, or allAuthenticatedUsers.
    entity: 'my-entity',  // TODO: Update placeholder value.

    resource: {
      // TODO: Add desired properties to the request body. Only these properties
      // will be changed.
    },

    auth: authClient,
  };

  try {
    const response = (await storage.defaultObjectAccessControls.patch(request)).data;
    // TODO: Change code below to process the `response` object:
    console.log(JSON.stringify(response, null, 2));
  } catch (err) {
    console.error(err);
  }
}
main();

async function authorize() {
  const auth = new google.auth.GoogleAuth({
    scopes: ['https://www.googleapis.com/auth/cloud-platform']
  });
  return await auth.getClient();
}
// BEFORE RUNNING:
// ---------------
// 1. If not already done, enable the Cloud Storage JSON API
//    and check the quota for your project at
//    https://console.developers.google.com/apis/api/storage
// 2. This sample uses Application Default Credentials for authentication.
//    If not already done, install the gcloud CLI from
//    https://cloud.google.com/sdk and run
//    `gcloud beta auth application-default login`.
//    For more information, see
//    https://developers.google.com/identity/protocols/application-default-credentials
// 3. Install the Node.js client library by running
//    `npm install googleapis --save`

const {google} = require('googleapis');
const storage = google.storage('v1');

async function main () {
  const authClient = await authorize();
  const request = {
    // Name of a bucket.
    bucket: 'my-bucket',  // TODO: Update placeholder value.

    // The entity holding the permission. Can be user-userId, user-emailAddress, group-groupId,
    // group-emailAddress, allUsers, or allAuthenticatedUsers.
    entity: 'my-entity',  // TODO: Update placeholder value.

    resource: {
      // TODO: Add desired properties to the request body. All existing properties
      // will be replaced.
    },

    auth: authClient,
  };

  try {
    const response = (await storage.defaultObjectAccessControls.update(request)).data;
    // TODO: Change code below to process the `response` object:
    console.log(JSON.stringify(response, null, 2));
  } catch (err) {
    console.error(err);
  }
}
main();

async function authorize() {
  const auth = new google.auth.GoogleAuth({
    scopes: ['https://www.googleapis.com/auth/cloud-platform']
  });
  return await auth.getClient();
}
// BEFORE RUNNING:
// ---------------
// 1. If not already done, enable the Cloud Storage JSON API
//    and check the quota for your project at
//    https://console.developers.google.com/apis/api/storage
// 2. This sample uses Application Default Credentials for authentication.
//    If not already done, install the gcloud CLI from
//    https://cloud.google.com/sdk and run
//    `gcloud beta auth application-default login`.
//    For more information, see
//    https://developers.google.com/identity/protocols/application-default-credentials
// 3. Install the Node.js client library by running
//    `npm install googleapis --save`

const {google} = require('googleapis');
const storage = google.storage('v1');

async function main () {
  const authClient = await authorize();
  const request = {
    // Name of a bucket.
    bucket: 'my-bucket',  // TODO: Update placeholder value.

    // Name of the object. For information about how to URL encode object names to be path safe, see
    // Encoding URI Path Parts.
    object: 'my-object',  // TODO: Update placeholder value.

    // The entity holding the permission. Can be user-userId, user-emailAddress, group-groupId,
    // group-emailAddress, allUsers, or allAuthenticatedUsers.
    entity: 'my-entity',  // TODO: Update placeholder value.

    auth: authClient,
  };

  try {
    await storage.objectAccessControls.delete(request);
  } catch (err) {
    console.error(err);
  }
}
main();

async function authorize() {
  const auth = new google.auth.GoogleAuth({
    scopes: ['https://www.googleapis.com/auth/cloud-platform']
  });
  return await auth.getClient();
}
// BEFORE RUNNING:
// ---------------
// 1. If not already done, enable the Cloud Storage JSON API
//    and check the quota for your project at
//    https://console.developers.google.com/apis/api/storage
// 2. This sample uses Application Default Credentials for authentication.
//    If not already done, install the gcloud CLI from
//    https://cloud.google.com/sdk and run
//    `gcloud beta auth application-default login`.
//    For more information, see
//    https://developers.google.com/identity/protocols/application-default-credentials
// 3. Install the Node.js client library by running
//    `npm install googleapis --save`

const {google} = require('googleapis');
const storage = google.storage('v1');

async function main () {
  const authClient = await authorize();
  const request = {
    // Name of a bucket.
    bucket: 'my-bucket',  // TODO: Update placeholder value.

    // Name of the object. For information about how to URL encode object names to be path safe, see
    // Encoding URI Path Parts.
    object: 'my-object',  // TODO: Update placeholder value.

    // The entity holding the permission. Can be user-userId, user-emailAddress, group-groupId,
    // group-emailAddress, allUsers, or allAuthenticatedUsers.
    entity: 'my-entity',  // TODO: Update placeholder value.

    auth: authClient,
  };

  try {
    const response = (await storage.objectAccessControls.get(request)).data;
    // TODO: Change code below to process the `response` object:
    console.log(JSON.stringify(response, null, 2));
  } catch (err) {
    console.error(err);
  }
}
main();

async function authorize() {
  const auth = new google.auth.GoogleAuth({
    scopes: ['https://www.googleapis.com/auth/cloud-platform']
  });
  return await auth.getClient();
}
// BEFORE RUNNING:
// ---------------
// 1. If not already done, enable the Cloud Storage JSON API
//    and check the quota for your project at
//    https://console.developers.google.com/apis/api/storage
// 2. This sample uses Application Default Credentials for authentication.
//    If not already done, install the gcloud CLI from
//    https://cloud.google.com/sdk and run
//    `gcloud beta auth application-default login`.
//    For more information, see
//    https://developers.google.com/identity/protocols/application-default-credentials
// 3. Install the Node.js client library by running
//    `npm install googleapis --save`

const {google} = require('googleapis');
const storage = google.storage('v1');

async function main () {
  const authClient = await authorize();
  const request = {
    // Name of a bucket.
    bucket: 'my-bucket',  // TODO: Update placeholder value.

    // Name of the object. For information about how to URL encode object names to be path safe, see
    // Encoding URI Path Parts.
    object: 'my-object',  // TODO: Update placeholder value.

    resource: {
      // TODO: Add desired properties to the request body.
    },

    auth: authClient,
  };

  try {
    const response = (await storage.objectAccessControls.insert(request)).data;
    // TODO: Change code below to process the `response` object:
    console.log(JSON.stringify(response, null, 2));
  } catch (err) {
    console.error(err);
  }
}
main();

async function authorize() {
  const auth = new google.auth.GoogleAuth({
    scopes: ['https://www.googleapis.com/auth/cloud-platform']
  });
  return await auth.getClient();
}
// BEFORE RUNNING:
// ---------------
// 1. If not already done, enable the Cloud Storage JSON API
//    and check the quota for your project at
//    https://console.developers.google.com/apis/api/storage
// 2. This sample uses Application Default Credentials for authentication.
//    If not already done, install the gcloud CLI from
//    https://cloud.google.com/sdk and run
//    `gcloud beta auth application-default login`.
//    For more information, see
//    https://developers.google.com/identity/protocols/application-default-credentials
// 3. Install the Node.js client library by running
//    `npm install googleapis --save`

const {google} = require('googleapis');
const storage = google.storage('v1');

async function main () {
  const authClient = await authorize();
  const request = {
    // Name of a bucket.
    bucket: 'my-bucket',  // TODO: Update placeholder value.

    // Name of the object. For information about how to URL encode object names to be path safe, see
    // Encoding URI Path Parts.
    object: 'my-object',  // TODO: Update placeholder value.

    auth: authClient,
  };

  try {
    const response = (await storage.objectAccessControls.list(request)).data;
    // TODO: Change code below to process the `response` object:
    console.log(JSON.stringify(response, null, 2));
  } catch (err) {
    console.error(err);
  }
}
main();

async function authorize() {
  const auth = new google.auth.GoogleAuth({
    scopes: ['https://www.googleapis.com/auth/cloud-platform']
  });
  return await auth.getClient();
}
// BEFORE RUNNING:
// ---------------
// 1. If not already done, enable the Cloud Storage JSON API
//    and check the quota for your project at
//    https://console.developers.google.com/apis/api/storage
// 2. This sample uses Application Default Credentials for authentication.
//    If not already done, install the gcloud CLI from
//    https://cloud.google.com/sdk and run
//    `gcloud beta auth application-default login`.
//    For more information, see
//    https://developers.google.com/identity/protocols/application-default-credentials
// 3. Install the Node.js client library by running
//    `npm install googleapis --save`

const {google} = require('googleapis');
const storage = google.storage('v1');

async function main () {
  const authClient = await authorize();
  const request = {
    // Name of a bucket.
    bucket: 'my-bucket',  // TODO: Update placeholder value.

    // Name of the object. For information about how to URL encode object names to be path safe, see
    // Encoding URI Path Parts.
    object: 'my-object',  // TODO: Update placeholder value.

    // The entity holding the permission. Can be user-userId, user-emailAddress, group-groupId,
    // group-emailAddress, allUsers, or allAuthenticatedUsers.
    entity: 'my-entity',  // TODO: Update placeholder value.

    resource: {
      // TODO: Add desired properties to the request body. Only these properties
      // will be changed.
    },

    auth: authClient,
  };

  try {
    const response = (await storage.objectAccessControls.patch(request)).data;
    // TODO: Change code below to process the `response` object:
    console.log(JSON.stringify(response, null, 2));
  } catch (err) {
    console.error(err);
  }
}
main();

async function authorize() {
  const auth = new google.auth.GoogleAuth({
    scopes: ['https://www.googleapis.com/auth/cloud-platform']
  });
  return await auth.getClient();
}
// BEFORE RUNNING:
// ---------------
// 1. If not already done, enable the Cloud Storage JSON API
//    and check the quota for your project at
//    https://console.developers.google.com/apis/api/storage
// 2. This sample uses Application Default Credentials for authentication.
//    If not already done, install the gcloud CLI from
//    https://cloud.google.com/sdk and run
//    `gcloud beta auth application-default login`.
//    For more information, see
//    https://developers.google.com/identity/protocols/application-default-credentials
// 3. Install the Node.js client library by running
//    `npm install googleapis --save`

const {google} = require('googleapis');
const storage = google.storage('v1');

async function main () {
  const authClient = await authorize();
  const request = {
    // Name of a bucket.
    bucket: 'my-bucket',  // TODO: Update placeholder value.

    // Name of the object. For information about how to URL encode object names to be path safe, see
    // Encoding URI Path Parts.
    object: 'my-object',  // TODO: Update placeholder value.

    // The entity holding the permission. Can be user-userId, user-emailAddress, group-groupId,
    // group-emailAddress, allUsers, or allAuthenticatedUsers.
    entity: 'my-entity',  // TODO: Update placeholder value.

    resource: {
      // TODO: Add desired properties to the request body. All existing properties
      // will be replaced.
    },

    auth: authClient,
  };

  try {
    const response = (await storage.objectAccessControls.update(request)).data;
    // TODO: Change code below to process the `response` object:
    console.log(JSON.stringify(response, null, 2));
  } catch (err) {
    console.error(err);
  }
}
main();

async function authorize() {
  const auth = new google.auth.GoogleAuth({
    scopes: ['https://www.googleapis.com/auth/cloud-platform']
  });
  return await auth.getClient();
}
// BEFORE RUNNING:
// ---------------
// 1. If not already done, enable the Cloud Storage JSON API
//    and check the quota for your project at
//    https://console.developers.google.com/apis/api/storage
// 2. This sample uses Application Default Credentials for authentication.
//    If not already done, install the gcloud CLI from
//    https://cloud.google.com/sdk and run
//    `gcloud beta auth application-default login`.
//    For more information, see
//    https://developers.google.com/identity/protocols/application-default-credentials
// 3. Install the Node.js client library by running
//    `npm install googleapis --save`

const {google} = require('googleapis');
const storage = google.storage('v1');

async function main () {
  const authClient = await authorize();
  const request = {
    // Name of the bucket in which to store the new object.
    destinationBucket: 'my-destination-bucket',  // TODO: Update placeholder value.

    // Name of the new object. For information about how to URL encode object names to be path safe, see
    // Encoding URI Path Parts.
    destinationObject: 'my-destination-object',  // TODO: Update placeholder value.

    resource: {
      // TODO: Add desired properties to the request body.
    },

    // TODO: To download media content, use:
    //
    // alt: 'media',

    auth: authClient,
  };

  try {
    const response = (await storage.objects.compose(request)).data;
    // TODO: Change code below to process the `response` object:
    console.log(JSON.stringify(response, null, 2));
  } catch (err) {
    console.error(err);
  }
}
main();

async function authorize() {
  const auth = new google.auth.GoogleAuth({
    scopes: ['https://www.googleapis.com/auth/cloud-platform']
  });
  return await auth.getClient();
}
// BEFORE RUNNING:
// ---------------
// 1. If not already done, enable the Cloud Storage JSON API
//    and check the quota for your project at
//    https://console.developers.google.com/apis/api/storage
// 2. This sample uses Application Default Credentials for authentication.
//    If not already done, install the gcloud CLI from
//    https://cloud.google.com/sdk and run
//    `gcloud beta auth application-default login`.
//    For more information, see
//    https://developers.google.com/identity/protocols/application-default-credentials
// 3. Install the Node.js client library by running
//    `npm install googleapis --save`

const {google} = require('googleapis');
const storage = google.storage('v1');

async function main () {
  const authClient = await authorize();
  const request = {
    // Name of the bucket in which to find the source object.
    sourceBucket: 'my-source-bucket',  // TODO: Update placeholder value.

    // Name of the source object. For information about how to URL encode object names to be path safe,
    // see Encoding URI Path Parts.
    sourceObject: 'my-source-object',  // TODO: Update placeholder value.

    // Name of the bucket in which to store the new object. Overrides the provided object metadata's
    // bucket value, if any.For information about how to URL encode object names to be path safe, see
    // Encoding URI Path Parts.
    destinationBucket: 'my-destination-bucket',  // TODO: Update placeholder value.

    // Name of the new object. Required when the object metadata is not otherwise provided. Overrides the
    // object metadata's name value, if any.
    destinationObject: 'my-destination-object',  // TODO: Update placeholder value.

    resource: {
      // TODO: Add desired properties to the request body.
    },

    // TODO: To download media content, use:
    //
    // alt: 'media',

    auth: authClient,
  };

  try {
    const response = (await storage.objects.copy(request)).data;
    // TODO: Change code below to process the `response` object:
    console.log(JSON.stringify(response, null, 2));
  } catch (err) {
    console.error(err);
  }
}
main();

async function authorize() {
  const auth = new google.auth.GoogleAuth({
    scopes: ['https://www.googleapis.com/auth/cloud-platform']
  });
  return await auth.getClient();
}
// BEFORE RUNNING:
// ---------------
// 1. If not already done, enable the Cloud Storage JSON API
//    and check the quota for your project at
//    https://console.developers.google.com/apis/api/storage
// 2. This sample uses Application Default Credentials for authentication.
//    If not already done, install the gcloud CLI from
//    https://cloud.google.com/sdk and run
//    `gcloud beta auth application-default login`.
//    For more information, see
//    https://developers.google.com/identity/protocols/application-default-credentials
// 3. Install the Node.js client library by running
//    `npm install googleapis --save`

const {google} = require('googleapis');
const storage = google.storage('v1');

async function main () {
  const authClient = await authorize();
  const request = {
    // Name of the bucket in which the object resides.
    bucket: 'my-bucket',  // TODO: Update placeholder value.

    // Name of the object. For information about how to URL encode object names to be path safe, see
    // Encoding URI Path Parts.
    object: 'my-object',  // TODO: Update placeholder value.

    auth: authClient,
  };

  try {
    await storage.objects.delete(request);
  } catch (err) {
    console.error(err);
  }
}
main();

async function authorize() {
  const auth = new google.auth.GoogleAuth({
    scopes: ['https://www.googleapis.com/auth/cloud-platform']
  });
  return await auth.getClient();
}
// BEFORE RUNNING:
// ---------------
// 1. If not already done, enable the Cloud Storage JSON API
//    and check the quota for your project at
//    https://console.developers.google.com/apis/api/storage
// 2. This sample uses Application Default Credentials for authentication.
//    If not already done, install the gcloud CLI from
//    https://cloud.google.com/sdk and run
//    `gcloud beta auth application-default login`.
//    For more information, see
//    https://developers.google.com/identity/protocols/application-default-credentials
// 3. Install the Node.js client library by running
//    `npm install googleapis --save`

const {google} = require('googleapis');
const storage = google.storage('v1');

async function main () {
  const authClient = await authorize();
  const request = {
    // Name of the bucket in which the object resides.
    bucket: 'my-bucket',  // TODO: Update placeholder value.

    // Name of the object. For information about how to URL encode object names to be path safe, see
    // Encoding URI Path Parts.
    object: 'my-object',  // TODO: Update placeholder value.

    // TODO: To download media content, use:
    //
    // alt: 'media',

    auth: authClient,
  };

  try {
    const response = (await storage.objects.get(request)).data;
    // TODO: Change code below to process the `response` object:
    console.log(JSON.stringify(response, null, 2));
  } catch (err) {
    console.error(err);
  }
}
main();

async function authorize() {
  const auth = new google.auth.GoogleAuth({
    scopes: ['https://www.googleapis.com/auth/cloud-platform']
  });
  return await auth.getClient();
}
// BEFORE RUNNING:
// ---------------
// 1. If not already done, enable the Cloud Storage JSON API
//    and check the quota for your project at
//    https://console.developers.google.com/apis/api/storage
// 2. This sample uses Application Default Credentials for authentication.
//    If not already done, install the gcloud CLI from
//    https://cloud.google.com/sdk and run
//    `gcloud beta auth application-default login`.
//    For more information, see
//    https://developers.google.com/identity/protocols/application-default-credentials
// 3. Install the Node.js client library by running
//    `npm install googleapis --save`

const {google} = require('googleapis');
const storage = google.storage('v1');

async function main () {
  const authClient = await authorize();
  const request = {
    // Name of the bucket in which to store the new object. Overrides the provided object metadata's
    // bucket value, if any.
    bucket: 'my-bucket',  // TODO: Update placeholder value.

    resource: {
      // TODO: Add desired properties to the request body.
    },

    media: {
      // TODO: Add desired media content for upload. See
      // https://github.com/google/google-api-nodejs-client#media-uploads
      mimeType: '',  // See https://www.w3.org/Protocols/rfc1341/4_Content-Type.html
      body: '',
    },

    auth: authClient,
  };

  try {
    const response = (await storage.objects.insert(request)).data;
    // TODO: Change code below to process the `response` object:
    console.log(JSON.stringify(response, null, 2));
  } catch (err) {
    console.error(err);
  }
}
main();

async function authorize() {
  const auth = new google.auth.GoogleAuth({
    scopes: ['https://www.googleapis.com/auth/cloud-platform']
  });
  return await auth.getClient();
}
// BEFORE RUNNING:
// ---------------
// 1. If not already done, enable the Cloud Storage JSON API
//    and check the quota for your project at
//    https://console.developers.google.com/apis/api/storage
// 2. This sample uses Application Default Credentials for authentication.
//    If not already done, install the gcloud CLI from
//    https://cloud.google.com/sdk and run
//    `gcloud beta auth application-default login`.
//    For more information, see
//    https://developers.google.com/identity/protocols/application-default-credentials
// 3. Install the Node.js client library by running
//    `npm install googleapis --save`

const {google} = require('googleapis');
const storage = google.storage('v1');

async function main () {
  const authClient = await authorize();
  const request = {
    // Name of the bucket in which to look for objects.
    bucket: 'my-bucket',  // TODO: Update placeholder value.

    auth: authClient,
  };

  let response;
  do {
    if (response && response.nextPageToken) {
      request.pageToken = response.nextPageToken;
    }
    response = (await storage.objects.list(request)).data;
    const itemsPage = response.items;
    if (itemsPage) {
      for (let i = 0; i < itemsPage.length; i++) {
        // TODO: Change code below to process each resource in `itemsPage`:
        console.log(JSON.stringify(itemsPage[i], null, 2));
      }
    }
  } while (response.nextPageToken);
}
main();

async function authorize() {
  const auth = new google.auth.GoogleAuth({
    scopes: ['https://www.googleapis.com/auth/cloud-platform']
  });
  return await auth.getClient();
}
// BEFORE RUNNING:
// ---------------
// 1. If not already done, enable the Cloud Storage JSON API
//    and check the quota for your project at
//    https://console.developers.google.com/apis/api/storage
// 2. This sample uses Application Default Credentials for authentication.
//    If not already done, install the gcloud CLI from
//    https://cloud.google.com/sdk and run
//    `gcloud beta auth application-default login`.
//    For more information, see
//    https://developers.google.com/identity/protocols/application-default-credentials
// 3. Install the Node.js client library by running
//    `npm install googleapis --save`

const {google} = require('googleapis');
const storage = google.storage('v1');

async function main () {
  const authClient = await authorize();
  const request = {
    // Name of the bucket in which the object resides.
    bucket: 'my-bucket',  // TODO: Update placeholder value.

    // Name of the object. For information about how to URL encode object names to be path safe, see
    // Encoding URI Path Parts.
    object: 'my-object',  // TODO: Update placeholder value.

    resource: {
      // TODO: Add desired properties to the request body. Only these properties
      // will be changed.
    },

    auth: authClient,
  };

  try {
    const response = (await storage.objects.patch(request)).data;
    // TODO: Change code below to process the `response` object:
    console.log(JSON.stringify(response, null, 2));
  } catch (err) {
    console.error(err);
  }
}
main();

async function authorize() {
  const auth = new google.auth.GoogleAuth({
    scopes: ['https://www.googleapis.com/auth/cloud-platform']
  });
  return await auth.getClient();
}
// BEFORE RUNNING:
// ---------------
// 1. If not already done, enable the Cloud Storage JSON API
//    and check the quota for your project at
//    https://console.developers.google.com/apis/api/storage
// 2. This sample uses Application Default Credentials for authentication.
//    If not already done, install the gcloud CLI from
//    https://cloud.google.com/sdk and run
//    `gcloud beta auth application-default login`.
//    For more information, see
//    https://developers.google.com/identity/protocols/application-default-credentials
// 3. Install the Node.js client library by running
//    `npm install googleapis --save`

const {google} = require('googleapis');
const storage = google.storage('v1');

async function main () {
  const authClient = await authorize();
  const request = {
    // Name of the bucket in which to find the source object.
    sourceBucket: 'my-source-bucket',  // TODO: Update placeholder value.

    // Name of the source object. For information about how to URL encode object names to be path safe,
    // see Encoding URI Path Parts.
    sourceObject: 'my-source-object',  // TODO: Update placeholder value.

    // Name of the bucket in which to store the new object. Overrides the provided object metadata's
    // bucket value, if any.
    destinationBucket: 'my-destination-bucket',  // TODO: Update placeholder value.

    // Name of the new object. Required when the object metadata is not otherwise provided. Overrides the
    // object metadata's name value, if any. For information about how to URL encode object names to be
    // path safe, see Encoding URI Path Parts.
    destinationObject: 'my-destination-object',  // TODO: Update placeholder value.

    resource: {
      // TODO: Add desired properties to the request body.
    },

    auth: authClient,
  };

  try {
    const response = (await storage.objects.rewrite(request)).data;
    // TODO: Change code below to process the `response` object:
    console.log(JSON.stringify(response, null, 2));
  } catch (err) {
    console.error(err);
  }
}
main();

async function authorize() {
  const auth = new google.auth.GoogleAuth({
    scopes: ['https://www.googleapis.com/auth/cloud-platform']
  });
  return await auth.getClient();
}
// BEFORE RUNNING:
// ---------------
// 1. If not already done, enable the Cloud Storage JSON API
//    and check the quota for your project at
//    https://console.developers.google.com/apis/api/storage
// 2. This sample uses Application Default Credentials for authentication.
//    If not already done, install the gcloud CLI from
//    https://cloud.google.com/sdk and run
//    `gcloud beta auth application-default login`.
//    For more information, see
//    https://developers.google.com/identity/protocols/application-default-credentials
// 3. Install the Node.js client library by running
//    `npm install googleapis --save`

const {google} = require('googleapis');
const storage = google.storage('v1');

async function main () {
  const authClient = await authorize();
  const request = {
    // Name of the bucket in which the object resides.
    bucket: 'my-bucket',  // TODO: Update placeholder value.

    // Name of the object. For information about how to URL encode object names to be path safe, see
    // Encoding URI Path Parts.
    object: 'my-object',  // TODO: Update placeholder value.

    resource: {
      // TODO: Add desired properties to the request body. All existing properties
      // will be replaced.
    },

    // TODO: To download media content, use:
    //
    // alt: 'media',

    auth: authClient,
  };

  try {
    const response = (await storage.objects.update(request)).data;
    // TODO: Change code below to process the `response` object:
    console.log(JSON.stringify(response, null, 2));
  } catch (err) {
    console.error(err);
  }
}
main();

async function authorize() {
  const auth = new google.auth.GoogleAuth({
    scopes: ['https://www.googleapis.com/auth/cloud-platform']
  });
  return await auth.getClient();
}
// BEFORE RUNNING:
// ---------------
// 1. If not already done, enable the Cloud Storage JSON API
//    and check the quota for your project at
//    https://console.developers.google.com/apis/api/storage
// 2. This sample uses Application Default Credentials for authentication.
//    If not already done, install the gcloud CLI from
//    https://cloud.google.com/sdk and run
//    `gcloud beta auth application-default login`.
//    For more information, see
//    https://developers.google.com/identity/protocols/application-default-credentials
// 3. Install the Node.js client library by running
//    `npm install googleapis --save`

const {google} = require('googleapis');
const storage = google.storage('v1');

async function main () {
  const authClient = await authorize();
  const request = {
    // Name of the bucket in which to look for objects.
    bucket: 'my-bucket',  // TODO: Update placeholder value.

    resource: {
      // TODO: Add desired properties to the request body.
    },

    auth: authClient,
  };

  try {
    const response = (await storage.objects.watchAll(request)).data;
    // TODO: Change code below to process the `response` object:
    console.log(JSON.stringify(response, null, 2));
  } catch (err) {
    console.error(err);
  }
}
main();

async function authorize() {
  const auth = new google.auth.GoogleAuth({
    scopes: ['https://www.googleapis.com/auth/cloud-platform']
  });
  return await auth.getClient();
}
