
// BEFORE RUNNING:
// ---------------
// 1. If not already done, enable the Google Cloud Resource Manager API
//    and check the quota for your project at
//    https://console.developers.google.com/apis/api/cloudresourcemanager
// 2. This sample uses Application Default Credentials for authentication.
//    If not already done, install the gcloud CLI from
//    https://cloud.google.com/sdk and run
//    `gcloud beta auth application-default login`.
//    For more information, see
//    https://developers.google.com/identity/protocols/application-default-credentials
// 3. Install the Node.js client library by running
//    `npm install googleapis --save`

const {google} = require('googleapis');
const cloudresourcemanager = google.cloudresourcemanager('v1');

async function main () {
  const authClient = await authorize();
  const request = {
    // The name of the operation resource.
    name: 'operations/my-operation',  // TODO: Update placeholder value.

    auth: authClient,
  };

  try {
    const response = (await cloudresourcemanager.operations.get(request)).data;
    // TODO: Change code below to process the `response` object:
    console.log(JSON.stringify(response, null, 2));
  } catch (err) {
    console.error(err);
  }
}
main();

async function authorize() {
  const auth = new google.auth.GoogleAuth({
    scopes: ['https://www.googleapis.com/auth/cloud-platform']
  });
  return await auth.getClient();
}
// BEFORE RUNNING:
// ---------------
// 1. If not already done, enable the Google Cloud Resource Manager API
//    and check the quota for your project at
//    https://console.developers.google.com/apis/api/cloudresourcemanager
// 2. This sample uses Application Default Credentials for authentication.
//    If not already done, install the gcloud CLI from
//    https://cloud.google.com/sdk and run
//    `gcloud beta auth application-default login`.
//    For more information, see
//    https://developers.google.com/identity/protocols/application-default-credentials
// 3. Install the Node.js client library by running
//    `npm install googleapis --save`

const {google} = require('googleapis');
const cloudresourcemanager = google.cloudresourcemanager('v1');

async function main () {
  const authClient = await authorize();
  const request = {
    // The resource name of the Organization to fetch, e.g. "organizations/1234".
    name: 'organizations/my-organization',  // TODO: Update placeholder value.

    auth: authClient,
  };

  try {
    const response = (await cloudresourcemanager.organizations.get(request)).data;
    // TODO: Change code below to process the `response` object:
    console.log(JSON.stringify(response, null, 2));
  } catch (err) {
    console.error(err);
  }
}
main();

async function authorize() {
  const auth = new google.auth.GoogleAuth({
    scopes: ['https://www.googleapis.com/auth/cloud-platform']
  });
  return await auth.getClient();
}
// BEFORE RUNNING:
// ---------------
// 1. If not already done, enable the Google Cloud Resource Manager API
//    and check the quota for your project at
//    https://console.developers.google.com/apis/api/cloudresourcemanager
// 2. This sample uses Application Default Credentials for authentication.
//    If not already done, install the gcloud CLI from
//    https://cloud.google.com/sdk and run
//    `gcloud beta auth application-default login`.
//    For more information, see
//    https://developers.google.com/identity/protocols/application-default-credentials
// 3. Install the Node.js client library by running
//    `npm install googleapis --save`

const {google} = require('googleapis');
const cloudresourcemanager = google.cloudresourcemanager('v1');

async function main () {
  const authClient = await authorize();
  const request = {
    // REQUIRED: The resource for which the policy is being requested.
    // `resource` is usually specified as a path. For example, a Project
    // resource is specified as `projects/{project}`.
    resource_: 'organizations/my-organization',  // TODO: Update placeholder value.

    resource: {
      // TODO: Add desired properties to the request body.
    },

    auth: authClient,
  };

  try {
    const response = (await cloudresourcemanager.organizations.getIamPolicy(request)).data;
    // TODO: Change code below to process the `response` object:
    console.log(JSON.stringify(response, null, 2));
  } catch (err) {
    console.error(err);
  }
}
main();

async function authorize() {
  const auth = new google.auth.GoogleAuth({
    scopes: ['https://www.googleapis.com/auth/cloud-platform']
  });
  return await auth.getClient();
}
// BEFORE RUNNING:
// ---------------
// 1. If not already done, enable the Google Cloud Resource Manager API
//    and check the quota for your project at
//    https://console.developers.google.com/apis/api/cloudresourcemanager
// 2. This sample uses Application Default Credentials for authentication.
//    If not already done, install the gcloud CLI from
//    https://cloud.google.com/sdk and run
//    `gcloud beta auth application-default login`.
//    For more information, see
//    https://developers.google.com/identity/protocols/application-default-credentials
// 3. Install the Node.js client library by running
//    `npm install googleapis --save`

const {google} = require('googleapis');
const cloudresourcemanager = google.cloudresourcemanager('v1');

async function main () {
  const authClient = await authorize();
  const request = {
    resource: {
      // TODO: Add desired properties to the request body.
    },

    auth: authClient,
  };

  let response;
  do {
    if (response && response.nextPageToken) {
      request.resource.pageToken = response.nextPageToken;
    }
    response = (await cloudresourcemanager.organizations.search(request)).data;
    const organizationsPage = response.organizations;
    if (organizationsPage) {
      for (let i = 0; i < organizationsPage.length; i++) {
        // TODO: Change code below to process each resource in `organizationsPage`:
        console.log(JSON.stringify(organizationsPage[i], null, 2));
      }
    }
  } while (response.nextPageToken);
}
main();

async function authorize() {
  const auth = new google.auth.GoogleAuth({
    scopes: ['https://www.googleapis.com/auth/cloud-platform']
  });
  return await auth.getClient();
}
// BEFORE RUNNING:
// ---------------
// 1. If not already done, enable the Google Cloud Resource Manager API
//    and check the quota for your project at
//    https://console.developers.google.com/apis/api/cloudresourcemanager
// 2. This sample uses Application Default Credentials for authentication.
//    If not already done, install the gcloud CLI from
//    https://cloud.google.com/sdk and run
//    `gcloud beta auth application-default login`.
//    For more information, see
//    https://developers.google.com/identity/protocols/application-default-credentials
// 3. Install the Node.js client library by running
//    `npm install googleapis --save`

const {google} = require('googleapis');
const cloudresourcemanager = google.cloudresourcemanager('v1');

async function main () {
  const authClient = await authorize();
  const request = {
    // REQUIRED: The resource for which the policy is being specified.
    // `resource` is usually specified as a path. For example, a Project
    // resource is specified as `projects/{project}`.
    resource_: 'organizations/my-organization',  // TODO: Update placeholder value.

    resource: {
      // TODO: Add desired properties to the request body.
    },

    auth: authClient,
  };

  try {
    const response = (await cloudresourcemanager.organizations.setIamPolicy(request)).data;
    // TODO: Change code below to process the `response` object:
    console.log(JSON.stringify(response, null, 2));
  } catch (err) {
    console.error(err);
  }
}
main();

async function authorize() {
  const auth = new google.auth.GoogleAuth({
    scopes: ['https://www.googleapis.com/auth/cloud-platform']
  });
  return await auth.getClient();
}
// BEFORE RUNNING:
// ---------------
// 1. If not already done, enable the Google Cloud Resource Manager API
//    and check the quota for your project at
//    https://console.developers.google.com/apis/api/cloudresourcemanager
// 2. This sample uses Application Default Credentials for authentication.
//    If not already done, install the gcloud CLI from
//    https://cloud.google.com/sdk and run
//    `gcloud beta auth application-default login`.
//    For more information, see
//    https://developers.google.com/identity/protocols/application-default-credentials
// 3. Install the Node.js client library by running
//    `npm install googleapis --save`

const {google} = require('googleapis');
const cloudresourcemanager = google.cloudresourcemanager('v1');

async function main () {
  const authClient = await authorize();
  const request = {
    // REQUIRED: The resource for which the policy detail is being requested.
    // `resource` is usually specified as a path. For example, a Project
    // resource is specified as `projects/{project}`.
    resource_: 'organizations/my-organization',  // TODO: Update placeholder value.

    resource: {
      // TODO: Add desired properties to the request body.
    },

    auth: authClient,
  };

  try {
    const response = (await cloudresourcemanager.organizations.testIamPermissions(request)).data;
    // TODO: Change code below to process the `response` object:
    console.log(JSON.stringify(response, null, 2));
  } catch (err) {
    console.error(err);
  }
}
main();

async function authorize() {
  const auth = new google.auth.GoogleAuth({
    scopes: ['https://www.googleapis.com/auth/cloud-platform']
  });
  return await auth.getClient();
}
// BEFORE RUNNING:
// ---------------
// 1. If not already done, enable the Google Cloud Resource Manager API
//    and check the quota for your project at
//    https://console.developers.google.com/apis/api/cloudresourcemanager
// 2. This sample uses Application Default Credentials for authentication.
//    If not already done, install the gcloud CLI from
//    https://cloud.google.com/sdk and run
//    `gcloud beta auth application-default login`.
//    For more information, see
//    https://developers.google.com/identity/protocols/application-default-credentials
// 3. Install the Node.js client library by running
//    `npm install googleapis --save`

const {google} = require('googleapis');
const cloudresourcemanager = google.cloudresourcemanager('v1');

async function main () {
  const authClient = await authorize();
  const request = {
    resource: {
      // TODO: Add desired properties to the request body.
    },

    auth: authClient,
  };

  try {
    const response = (await cloudresourcemanager.projects.create(request)).data;
    // TODO: Change code below to process the `response` object:
    console.log(JSON.stringify(response, null, 2));
  } catch (err) {
    console.error(err);
  }
}
main();

async function authorize() {
  const auth = new google.auth.GoogleAuth({
    scopes: ['https://www.googleapis.com/auth/cloud-platform']
  });
  return await auth.getClient();
}
// BEFORE RUNNING:
// ---------------
// 1. If not already done, enable the Google Cloud Resource Manager API
//    and check the quota for your project at
//    https://console.developers.google.com/apis/api/cloudresourcemanager
// 2. This sample uses Application Default Credentials for authentication.
//    If not already done, install the gcloud CLI from
//    https://cloud.google.com/sdk and run
//    `gcloud beta auth application-default login`.
//    For more information, see
//    https://developers.google.com/identity/protocols/application-default-credentials
// 3. Install the Node.js client library by running
//    `npm install googleapis --save`

const {google} = require('googleapis');
const cloudresourcemanager = google.cloudresourcemanager('v1');

async function main () {
  const authClient = await authorize();
  const request = {
    // The Project ID (for example, `foo-bar-123`).
    // Required.
    projectId: 'my-project-id',  // TODO: Update placeholder value.

    auth: authClient,
  };

  try {
    await cloudresourcemanager.projects.delete(request);
  } catch (err) {
    console.error(err);
  }
}
main();

async function authorize() {
  const auth = new google.auth.GoogleAuth({
    scopes: ['https://www.googleapis.com/auth/cloud-platform']
  });
  return await auth.getClient();
}
// BEFORE RUNNING:
// ---------------
// 1. If not already done, enable the Google Cloud Resource Manager API
//    and check the quota for your project at
//    https://console.developers.google.com/apis/api/cloudresourcemanager
// 2. This sample uses Application Default Credentials for authentication.
//    If not already done, install the gcloud CLI from
//    https://cloud.google.com/sdk and run
//    `gcloud beta auth application-default login`.
//    For more information, see
//    https://developers.google.com/identity/protocols/application-default-credentials
// 3. Install the Node.js client library by running
//    `npm install googleapis --save`

const {google} = require('googleapis');
const cloudresourcemanager = google.cloudresourcemanager('v1');

async function main () {
  const authClient = await authorize();
  const request = {
    // The Project ID (for example, `my-project-123`).
    // Required.
    projectId: 'my-project-id',  // TODO: Update placeholder value.

    auth: authClient,
  };

  try {
    const response = (await cloudresourcemanager.projects.get(request)).data;
    // TODO: Change code below to process the `response` object:
    console.log(JSON.stringify(response, null, 2));
  } catch (err) {
    console.error(err);
  }
}
main();

async function authorize() {
  const auth = new google.auth.GoogleAuth({
    scopes: ['https://www.googleapis.com/auth/cloud-platform']
  });
  return await auth.getClient();
}
// BEFORE RUNNING:
// ---------------
// 1. If not already done, enable the Google Cloud Resource Manager API
//    and check the quota for your project at
//    https://console.developers.google.com/apis/api/cloudresourcemanager
// 2. This sample uses Application Default Credentials for authentication.
//    If not already done, install the gcloud CLI from
//    https://cloud.google.com/sdk and run
//    `gcloud beta auth application-default login`.
//    For more information, see
//    https://developers.google.com/identity/protocols/application-default-credentials
// 3. Install the Node.js client library by running
//    `npm install googleapis --save`

const {google} = require('googleapis');
const cloudresourcemanager = google.cloudresourcemanager('v1');

async function main () {
  const authClient = await authorize();
  const request = {
    // The Project ID (for example, `my-project-123`).
    // Required.
    projectId: 'my-project-id',  // TODO: Update placeholder value.

    resource: {
      // TODO: Add desired properties to the request body.
    },

    auth: authClient,
  };

  try {
    const response = (await cloudresourcemanager.projects.getAncestry(request)).data;
    // TODO: Change code below to process the `response` object:
    console.log(JSON.stringify(response, null, 2));
  } catch (err) {
    console.error(err);
  }
}
main();

async function authorize() {
  const auth = new google.auth.GoogleAuth({
    scopes: ['https://www.googleapis.com/auth/cloud-platform']
  });
  return await auth.getClient();
}
// BEFORE RUNNING:
// ---------------
// 1. If not already done, enable the Google Cloud Resource Manager API
//    and check the quota for your project at
//    https://console.developers.google.com/apis/api/cloudresourcemanager
// 2. This sample uses Application Default Credentials for authentication.
//    If not already done, install the gcloud CLI from
//    https://cloud.google.com/sdk and run
//    `gcloud beta auth application-default login`.
//    For more information, see
//    https://developers.google.com/identity/protocols/application-default-credentials
// 3. Install the Node.js client library by running
//    `npm install googleapis --save`

const {google} = require('googleapis');
const cloudresourcemanager = google.cloudresourcemanager('v1');

async function main () {
  const authClient = await authorize();
  const request = {
    // REQUIRED: The resource for which the policy is being requested.
    // `resource` is usually specified as a path. For example, a Project
    // resource is specified as `projects/{project}`.
    resource_: 'my-resource',  // TODO: Update placeholder value.

    resource: {
      // TODO: Add desired properties to the request body.
    },

    auth: authClient,
  };

  try {
    const response = (await cloudresourcemanager.projects.getIamPolicy(request)).data;
    // TODO: Change code below to process the `response` object:
    console.log(JSON.stringify(response, null, 2));
  } catch (err) {
    console.error(err);
  }
}
main();

async function authorize() {
  const auth = new google.auth.GoogleAuth({
    scopes: ['https://www.googleapis.com/auth/cloud-platform']
  });
  return await auth.getClient();
}
// BEFORE RUNNING:
// ---------------
// 1. If not already done, enable the Google Cloud Resource Manager API
//    and check the quota for your project at
//    https://console.developers.google.com/apis/api/cloudresourcemanager
// 2. This sample uses Application Default Credentials for authentication.
//    If not already done, install the gcloud CLI from
//    https://cloud.google.com/sdk and run
//    `gcloud beta auth application-default login`.
//    For more information, see
//    https://developers.google.com/identity/protocols/application-default-credentials
// 3. Install the Node.js client library by running
//    `npm install googleapis --save`

const {google} = require('googleapis');
const cloudresourcemanager = google.cloudresourcemanager('v1');

async function main () {
  const authClient = await authorize();
  const request = {
    auth: authClient,
  };

  let response;
  do {
    if (response && response.nextPageToken) {
      request.pageToken = response.nextPageToken;
    }
    response = (await cloudresourcemanager.projects.list(request)).data;
    const projectsPage = response.projects;
    if (projectsPage) {
      for (let i = 0; i < projectsPage.length; i++) {
        // TODO: Change code below to process each resource in `projectsPage`:
        console.log(JSON.stringify(projectsPage[i], null, 2));
      }
    }
  } while (response.nextPageToken);
}
main();

async function authorize() {
  const auth = new google.auth.GoogleAuth({
    scopes: ['https://www.googleapis.com/auth/cloud-platform']
  });
  return await auth.getClient();
}
// BEFORE RUNNING:
// ---------------
// 1. If not already done, enable the Google Cloud Resource Manager API
//    and check the quota for your project at
//    https://console.developers.google.com/apis/api/cloudresourcemanager
// 2. This sample uses Application Default Credentials for authentication.
//    If not already done, install the gcloud CLI from
//    https://cloud.google.com/sdk and run
//    `gcloud beta auth application-default login`.
//    For more information, see
//    https://developers.google.com/identity/protocols/application-default-credentials
// 3. Install the Node.js client library by running
//    `npm install googleapis --save`

const {google} = require('googleapis');
const cloudresourcemanager = google.cloudresourcemanager('v1');

async function main () {
  const authClient = await authorize();
  const request = {
    // REQUIRED: The resource for which the policy is being specified.
    // `resource` is usually specified as a path. For example, a Project
    // resource is specified as `projects/{project}`.
    resource_: 'my-resource',  // TODO: Update placeholder value.

    resource: {
      // TODO: Add desired properties to the request body.
    },

    auth: authClient,
  };

  try {
    const response = (await cloudresourcemanager.projects.setIamPolicy(request)).data;
    // TODO: Change code below to process the `response` object:
    console.log(JSON.stringify(response, null, 2));
  } catch (err) {
    console.error(err);
  }
}
main();

async function authorize() {
  const auth = new google.auth.GoogleAuth({
    scopes: ['https://www.googleapis.com/auth/cloud-platform']
  });
  return await auth.getClient();
}
// BEFORE RUNNING:
// ---------------
// 1. If not already done, enable the Google Cloud Resource Manager API
//    and check the quota for your project at
//    https://console.developers.google.com/apis/api/cloudresourcemanager
// 2. This sample uses Application Default Credentials for authentication.
//    If not already done, install the gcloud CLI from
//    https://cloud.google.com/sdk and run
//    `gcloud beta auth application-default login`.
//    For more information, see
//    https://developers.google.com/identity/protocols/application-default-credentials
// 3. Install the Node.js client library by running
//    `npm install googleapis --save`

const {google} = require('googleapis');
const cloudresourcemanager = google.cloudresourcemanager('v1');

async function main () {
  const authClient = await authorize();
  const request = {
    // REQUIRED: The resource for which the policy detail is being requested.
    // `resource` is usually specified as a path. For example, a Project
    // resource is specified as `projects/{project}`.
    resource_: 'my-resource',  // TODO: Update placeholder value.

    resource: {
      // TODO: Add desired properties to the request body.
    },

    auth: authClient,
  };

  try {
    const response = (await cloudresourcemanager.projects.testIamPermissions(request)).data;
    // TODO: Change code below to process the `response` object:
    console.log(JSON.stringify(response, null, 2));
  } catch (err) {
    console.error(err);
  }
}
main();

async function authorize() {
  const auth = new google.auth.GoogleAuth({
    scopes: ['https://www.googleapis.com/auth/cloud-platform']
  });
  return await auth.getClient();
}
// BEFORE RUNNING:
// ---------------
// 1. If not already done, enable the Google Cloud Resource Manager API
//    and check the quota for your project at
//    https://console.developers.google.com/apis/api/cloudresourcemanager
// 2. This sample uses Application Default Credentials for authentication.
//    If not already done, install the gcloud CLI from
//    https://cloud.google.com/sdk and run
//    `gcloud beta auth application-default login`.
//    For more information, see
//    https://developers.google.com/identity/protocols/application-default-credentials
// 3. Install the Node.js client library by running
//    `npm install googleapis --save`

const {google} = require('googleapis');
const cloudresourcemanager = google.cloudresourcemanager('v1');

async function main () {
  const authClient = await authorize();
  const request = {
    // The project ID (for example, `foo-bar-123`).
    // Required.
    projectId: 'my-project-id',  // TODO: Update placeholder value.

    resource: {
      // TODO: Add desired properties to the request body.
    },

    auth: authClient,
  };

  try {
    await cloudresourcemanager.projects.undelete(request);
  } catch (err) {
    console.error(err);
  }
}
main();

async function authorize() {
  const auth = new google.auth.GoogleAuth({
    scopes: ['https://www.googleapis.com/auth/cloud-platform']
  });
  return await auth.getClient();
}
// BEFORE RUNNING:
// ---------------
// 1. If not already done, enable the Google Cloud Resource Manager API
//    and check the quota for your project at
//    https://console.developers.google.com/apis/api/cloudresourcemanager
// 2. This sample uses Application Default Credentials for authentication.
//    If not already done, install the gcloud CLI from
//    https://cloud.google.com/sdk and run
//    `gcloud beta auth application-default login`.
//    For more information, see
//    https://developers.google.com/identity/protocols/application-default-credentials
// 3. Install the Node.js client library by running
//    `npm install googleapis --save`

const {google} = require('googleapis');
const cloudresourcemanager = google.cloudresourcemanager('v1');

async function main () {
  const authClient = await authorize();
  const request = {
    // The project ID (for example, `my-project-123`).
    // Required.
    projectId: 'my-project-id',  // TODO: Update placeholder value.

    resource: {
      // TODO: Add desired properties to the request body. All existing properties
      // will be replaced.
    },

    auth: authClient,
  };

  try {
    const response = (await cloudresourcemanager.projects.update(request)).data;
    // TODO: Change code below to process the `response` object:
    console.log(JSON.stringify(response, null, 2));
  } catch (err) {
    console.error(err);
  }
}
main();

async function authorize() {
  const auth = new google.auth.GoogleAuth({
    scopes: ['https://www.googleapis.com/auth/cloud-platform']
  });
  return await auth.getClient();
}
